###############################################################################
#
# IAR ELF Linker V7.50.3.10732/W32 for ARM                14/May/2016  19:45:07
# Copyright 2007-2016 IAR Systems AB.
#
#    Output file  =  
#        C:\Users\mehta\Desktop\STM32F401\E110\RTOSBringUp\RTOSBringUp\EWARM\RTOSBringUp\Exe\RTOSBringUp.out
#    Map file     =  
#        C:\Users\mehta\Desktop\STM32F401\E110\RTOSBringUp\RTOSBringUp\EWARM\RTOSBringUp\List\RTOSBringUp.map
#    Command line =  
#        C:\Users\mehta\Desktop\STM32F401\E110\RTOSBringUp\RTOSBringUp\EWARM\RTOSBringUp\Obj\cmsis_os.o
#        C:\Users\mehta\Desktop\STM32F401\E110\RTOSBringUp\RTOSBringUp\EWARM\RTOSBringUp\Obj\croutine.o
#        C:\Users\mehta\Desktop\STM32F401\E110\RTOSBringUp\RTOSBringUp\EWARM\RTOSBringUp\Obj\event_groups.o
#        C:\Users\mehta\Desktop\STM32F401\E110\RTOSBringUp\RTOSBringUp\EWARM\RTOSBringUp\Obj\freertos.o
#        C:\Users\mehta\Desktop\STM32F401\E110\RTOSBringUp\RTOSBringUp\EWARM\RTOSBringUp\Obj\heap_4.o
#        C:\Users\mehta\Desktop\STM32F401\E110\RTOSBringUp\RTOSBringUp\EWARM\RTOSBringUp\Obj\list.o
#        C:\Users\mehta\Desktop\STM32F401\E110\RTOSBringUp\RTOSBringUp\EWARM\RTOSBringUp\Obj\main.o
#        C:\Users\mehta\Desktop\STM32F401\E110\RTOSBringUp\RTOSBringUp\EWARM\RTOSBringUp\Obj\port.o
#        C:\Users\mehta\Desktop\STM32F401\E110\RTOSBringUp\RTOSBringUp\EWARM\RTOSBringUp\Obj\portasm.o
#        C:\Users\mehta\Desktop\STM32F401\E110\RTOSBringUp\RTOSBringUp\EWARM\RTOSBringUp\Obj\queue.o
#        C:\Users\mehta\Desktop\STM32F401\E110\RTOSBringUp\RTOSBringUp\EWARM\RTOSBringUp\Obj\startup_stm32f401xe.o
#        C:\Users\mehta\Desktop\STM32F401\E110\RTOSBringUp\RTOSBringUp\EWARM\RTOSBringUp\Obj\stm32f4xx_hal.o
#        C:\Users\mehta\Desktop\STM32F401\E110\RTOSBringUp\RTOSBringUp\EWARM\RTOSBringUp\Obj\stm32f4xx_hal_cortex.o
#        C:\Users\mehta\Desktop\STM32F401\E110\RTOSBringUp\RTOSBringUp\EWARM\RTOSBringUp\Obj\stm32f4xx_hal_dma.o
#        C:\Users\mehta\Desktop\STM32F401\E110\RTOSBringUp\RTOSBringUp\EWARM\RTOSBringUp\Obj\stm32f4xx_hal_dma_ex.o
#        C:\Users\mehta\Desktop\STM32F401\E110\RTOSBringUp\RTOSBringUp\EWARM\RTOSBringUp\Obj\stm32f4xx_hal_flash.o
#        C:\Users\mehta\Desktop\STM32F401\E110\RTOSBringUp\RTOSBringUp\EWARM\RTOSBringUp\Obj\stm32f4xx_hal_flash_ex.o
#        C:\Users\mehta\Desktop\STM32F401\E110\RTOSBringUp\RTOSBringUp\EWARM\RTOSBringUp\Obj\stm32f4xx_hal_flash_ramfunc.o
#        C:\Users\mehta\Desktop\STM32F401\E110\RTOSBringUp\RTOSBringUp\EWARM\RTOSBringUp\Obj\stm32f4xx_hal_gpio.o
#        C:\Users\mehta\Desktop\STM32F401\E110\RTOSBringUp\RTOSBringUp\EWARM\RTOSBringUp\Obj\stm32f4xx_hal_msp.o
#        C:\Users\mehta\Desktop\STM32F401\E110\RTOSBringUp\RTOSBringUp\EWARM\RTOSBringUp\Obj\stm32f4xx_hal_pwr.o
#        C:\Users\mehta\Desktop\STM32F401\E110\RTOSBringUp\RTOSBringUp\EWARM\RTOSBringUp\Obj\stm32f4xx_hal_pwr_ex.o
#        C:\Users\mehta\Desktop\STM32F401\E110\RTOSBringUp\RTOSBringUp\EWARM\RTOSBringUp\Obj\stm32f4xx_hal_rcc.o
#        C:\Users\mehta\Desktop\STM32F401\E110\RTOSBringUp\RTOSBringUp\EWARM\RTOSBringUp\Obj\stm32f4xx_hal_rcc_ex.o
#        C:\Users\mehta\Desktop\STM32F401\E110\RTOSBringUp\RTOSBringUp\EWARM\RTOSBringUp\Obj\stm32f4xx_hal_tim.o
#        C:\Users\mehta\Desktop\STM32F401\E110\RTOSBringUp\RTOSBringUp\EWARM\RTOSBringUp\Obj\stm32f4xx_hal_tim_ex.o
#        C:\Users\mehta\Desktop\STM32F401\E110\RTOSBringUp\RTOSBringUp\EWARM\RTOSBringUp\Obj\stm32f4xx_hal_timebase_TIM.o
#        C:\Users\mehta\Desktop\STM32F401\E110\RTOSBringUp\RTOSBringUp\EWARM\RTOSBringUp\Obj\stm32f4xx_it.o
#        C:\Users\mehta\Desktop\STM32F401\E110\RTOSBringUp\RTOSBringUp\EWARM\RTOSBringUp\Obj\system_stm32f4xx.o
#        C:\Users\mehta\Desktop\STM32F401\E110\RTOSBringUp\RTOSBringUp\EWARM\RTOSBringUp\Obj\tasks.o
#        C:\Users\mehta\Desktop\STM32F401\E110\RTOSBringUp\RTOSBringUp\EWARM\RTOSBringUp\Obj\timers.o
#        --redirect _Printf=_PrintfFull --redirect _Scanf=_ScanfFull -o
#        C:\Users\mehta\Desktop\STM32F401\E110\RTOSBringUp\RTOSBringUp\EWARM\RTOSBringUp\Exe\RTOSBringUp.out
#        --map
#        C:\Users\mehta\Desktop\STM32F401\E110\RTOSBringUp\RTOSBringUp\EWARM\RTOSBringUp\List\RTOSBringUp.map
#        --config
#        C:\Users\mehta\Desktop\STM32F401\E110\RTOSBringUp\RTOSBringUp\EWARM/stm32f401xe_flash.icf
#        --semihosting --entry __iar_program_start --vfe
#
###############################################################################

*******************************************************************************
*** RUNTIME MODEL ATTRIBUTES
***

CppFlavor       = *
__SystemLibrary = DLib


*******************************************************************************
*** PLACEMENT SUMMARY
***

"A1":  place at 0x08000000 { ro section .intvec };
"P1":  place in [from 0x08000000 to 0x0807ffff] { ro };
"P2":  place in [from 0x20000000 to 0x20017fff] { rw, block CSTACK, block HEAP };

  Section            Kind        Address    Size  Object
  -------            ----        -------    ----  ------
"A1":                                      0x194
  .intvec            ro code  0x08000000   0x194  startup_stm32f401xe.o [1]
                            - 0x08000194   0x194

"P1":                                     0x1987
  .text              ro code  0x08000194   0x530  tasks.o [1]
  .text              ro code  0x080006c4   0x19c  port.o [1]
  .text              ro code  0x08000860    0x8e  list.o [1]
  .text              ro code  0x080008f0   0x1ac  heap_4.o [1]
  .text              ro code  0x08000a9c    0x3a  ABImemset48.o [5]
  CODE               ro code  0x08000ad8    0xa8  portasm.o [1]
  .text              ro code  0x08000b80   0x458  stm32f4xx_hal_rcc.o [1]
  .text              ro code  0x08000fd8    0x48  stm32f4xx_hal.o [1]
  .text              ro code  0x08001020    0x80  stm32f4xx_hal_timebase_TIM.o [1]
  .text              ro code  0x080010a0    0xd8  stm32f4xx_hal_cortex.o [1]
  .text              ro code  0x08001178    0x52  stm32f4xx_hal_msp.o [1]
  .text              ro code  0x080011cc   0x234  stm32f4xx_hal_tim.o [1]
  .text              ro code  0x08001400     0x4  stm32f4xx_hal_tim_ex.o [1]
  .text              ro code  0x08001404   0x1dc  main.o [1]
  .text              ro code  0x080015e0    0x56  ABImemcpy_unaligned.o [5]
  .text              ro code  0x08001638    0x6e  cmsis_os.o [1]
  .text              ro code  0x080016a8   0x1c0  stm32f4xx_hal_gpio.o [1]
  .text              ro code  0x08001868    0x50  system_stm32f4xx.o [1]
  .text              ro code  0x080018b8    0x40  zero_init3.o [5]
  .text              ro code  0x080018f8    0x38  packbits_init_single.o [5]
  .text              ro code  0x08001930    0x28  data_init.o [5]
  .text              ro code  0x08001958    0x22  fpinit_M.o [4]
  .iar.init_table    const    0x0800197c    0x20  - Linker created -
  .text              ro code  0x0800199c    0x1a  cmain.o [5]
  .text              ro code  0x080019b6     0x4  low_level_init.o [3]
  .text              ro code  0x080019ba     0x4  exit.o [3]
  .text              ro code  0x080019c0     0xa  cexit.o [5]
  .text              ro code  0x080019cc    0x14  exit.o [6]
  .text              ro code  0x080019e0    0x10  startup_stm32f401xe.o [1]
  .text              ro code  0x080019f0    0x10  stm32f4xx_it.o [1]
  .rodata            const    0x08001a00     0xc  main.o [1]
  .text              ro code  0x08001a0c     0xc  cstartup_M.o [5]
  .text              ro code  0x08001a18     0x4  startup_stm32f401xe.o [1]
  .text              ro code  0x08001a1c     0x4  startup_stm32f401xe.o [1]
  .text              ro code  0x08001a20     0x4  startup_stm32f401xe.o [1]
  .text              ro code  0x08001a24     0x4  startup_stm32f401xe.o [1]
  .text              ro code  0x08001a28     0x4  startup_stm32f401xe.o [1]
  .text              ro code  0x08001a2c     0x4  startup_stm32f401xe.o [1]
  .text              ro code  0x08001a30     0x4  startup_stm32f401xe.o [1]
  .text              ro code  0x08001a34     0x4  startup_stm32f401xe.o [1]
  .text              ro code  0x08001a38     0x4  startup_stm32f401xe.o [1]
  .text              ro code  0x08001a3c     0x4  startup_stm32f401xe.o [1]
  .text              ro code  0x08001a40     0x4  startup_stm32f401xe.o [1]
  .text              ro code  0x08001a44     0x4  startup_stm32f401xe.o [1]
  .text              ro code  0x08001a48     0x4  startup_stm32f401xe.o [1]
  .text              ro code  0x08001a4c     0x4  startup_stm32f401xe.o [1]
  .text              ro code  0x08001a50     0x4  startup_stm32f401xe.o [1]
  .text              ro code  0x08001a54     0x4  startup_stm32f401xe.o [1]
  .text              ro code  0x08001a58     0x4  startup_stm32f401xe.o [1]
  .text              ro code  0x08001a5c     0x4  startup_stm32f401xe.o [1]
  .text              ro code  0x08001a60     0x4  startup_stm32f401xe.o [1]
  .text              ro code  0x08001a64     0x4  startup_stm32f401xe.o [1]
  .text              ro code  0x08001a68     0x4  startup_stm32f401xe.o [1]
  .text              ro code  0x08001a6c     0x4  startup_stm32f401xe.o [1]
  .text              ro code  0x08001a70     0x4  startup_stm32f401xe.o [1]
  .text              ro code  0x08001a74     0x4  startup_stm32f401xe.o [1]
  .text              ro code  0x08001a78     0x4  startup_stm32f401xe.o [1]
  .text              ro code  0x08001a7c     0x4  startup_stm32f401xe.o [1]
  .text              ro code  0x08001a80     0x4  startup_stm32f401xe.o [1]
  .text              ro code  0x08001a84     0x4  startup_stm32f401xe.o [1]
  .text              ro code  0x08001a88     0x4  startup_stm32f401xe.o [1]
  .text              ro code  0x08001a8c     0x4  startup_stm32f401xe.o [1]
  .text              ro code  0x08001a90     0x4  startup_stm32f401xe.o [1]
  .text              ro code  0x08001a94     0x4  startup_stm32f401xe.o [1]
  .text              ro code  0x08001a98     0x4  startup_stm32f401xe.o [1]
  .text              ro code  0x08001a9c     0x4  startup_stm32f401xe.o [1]
  .text              ro code  0x08001aa0     0x4  startup_stm32f401xe.o [1]
  .text              ro code  0x08001aa4     0x4  startup_stm32f401xe.o [1]
  .text              ro code  0x08001aa8     0x4  startup_stm32f401xe.o [1]
  .text              ro code  0x08001aac     0x4  startup_stm32f401xe.o [1]
  .text              ro code  0x08001ab0     0x4  startup_stm32f401xe.o [1]
  .text              ro code  0x08001ab4     0x4  startup_stm32f401xe.o [1]
  .text              ro code  0x08001ab8     0x4  startup_stm32f401xe.o [1]
  .text              ro code  0x08001abc     0x4  startup_stm32f401xe.o [1]
  .text              ro code  0x08001ac0     0x4  startup_stm32f401xe.o [1]
  .text              ro code  0x08001ac4     0x4  startup_stm32f401xe.o [1]
  .text              ro code  0x08001ac8     0x4  startup_stm32f401xe.o [1]
  .text              ro code  0x08001acc     0x4  startup_stm32f401xe.o [1]
  .text              ro code  0x08001ad0     0x4  startup_stm32f401xe.o [1]
  .text              ro code  0x08001ad4     0x4  startup_stm32f401xe.o [1]
  .text              ro code  0x08001ad8     0x4  startup_stm32f401xe.o [1]
  .text              ro code  0x08001adc     0x4  startup_stm32f401xe.o [1]
  .text              ro code  0x08001ae0     0x4  startup_stm32f401xe.o [1]
  .text              ro code  0x08001ae4     0x4  startup_stm32f401xe.o [1]
  .text              ro code  0x08001ae8     0x4  startup_stm32f401xe.o [1]
  .text              ro code  0x08001aec     0x4  startup_stm32f401xe.o [1]
  .text              ro code  0x08001af0     0x4  startup_stm32f401xe.o [1]
  .text              ro code  0x08001af4     0x4  startup_stm32f401xe.o [1]
  .text              ro code  0x08001af8     0x4  startup_stm32f401xe.o [1]
  .text              ro code  0x08001afc     0x4  startup_stm32f401xe.o [1]
  .text              ro code  0x08001b00     0x4  startup_stm32f401xe.o [1]
  .text              ro code  0x08001b04     0x4  startup_stm32f401xe.o [1]
  .text              ro code  0x08001b08     0x4  startup_stm32f401xe.o [1]
  .rodata            const    0x08001b0c     0x0  zero_init3.o [5]
  .rodata            const    0x08001b0c     0x0  packbits_init_single.o [5]
  Initializer bytes  const    0x08001b0c     0xf  <for P2-1>
                            - 0x08001b1b  0x1987

"P2", part 1 of 3:                          0xac
  P2-1                        0x20000000    0xac  <Init block>
    .data            inited   0x20000000     0xc  port.o [1]
    .data            inited   0x2000000c     0x4  system_stm32f4xx.o [1]
    .data            inited   0x20000010    0x9c  tasks.o [1]
                            - 0x200000ac    0xac

"P2", part 2 of 3:                         0x400
  CSTACK                      0x200000b0   0x400  <Block>
    CSTACK           uninit   0x200000b0   0x400  <Block tail>
                            - 0x200004b0   0x400

"P2", part 3 of 3:                        0x3ce8
  .bss               zero     0x200004b0  0x3c18  heap_4.o [1]
  .bss               zero     0x200040c8    0x8c  tasks.o [1]
  .bss               zero     0x20004154    0x3c  stm32f4xx_hal_timebase_TIM.o [1]
  .bss               zero     0x20004190     0x4  main.o [1]
  .bss               zero     0x20004194     0x4  stm32f4xx_hal.o [1]
                            - 0x20004198  0x3ce8


*******************************************************************************
*** INIT TABLE
***

          Address     Size
          -------     ----
Zero (__iar_zero_init3)
    1 destination range, total size 0x3ce8:
          0x200004b0  0x3ce8

Copy/packbits (__iar_packbits_init_single3)
    1 source range, total size 0xf (8% of destination):
          0x08001b0c     0xf
    1 destination range, total size 0xac:
          0x20000000    0xac



*******************************************************************************
*** MODULE SUMMARY
***

    Module                        ro code  ro data  rw data
    ------                        -------  -------  -------
C:\Users\mehta\Desktop\STM32F401\E110\RTOSBringUp\RTOSBringUp\EWARM\RTOSBringUp\Obj: [1]
    cmsis_os.o                        110
    heap_4.o                          428            15 384
    list.o                            142
    main.o                            476       12        4
    port.o                            412        1       12
    portasm.o                         168
    startup_stm32f401xe.o             664
    stm32f4xx_hal.o                    72                 4
    stm32f4xx_hal_cortex.o            216
    stm32f4xx_hal_gpio.o              448
    stm32f4xx_hal_msp.o                82
    stm32f4xx_hal_rcc.o             1 112
    stm32f4xx_hal_tim.o               564
    stm32f4xx_hal_tim_ex.o              4
    stm32f4xx_hal_timebase_TIM.o      128                60
    stm32f4xx_it.o                     16
    system_stm32f4xx.o                 80                 4
    tasks.o                         1 328       14      296
    -------------------------------------------------------
    Total:                          6 450       27   15 764

command line: [2]
    -------------------------------------------------------
    Total:

dl7M_tlf.a: [3]
    exit.o                              4
    low_level_init.o                    4
    -------------------------------------------------------
    Total:                              8

m7M_tls.a: [4]
    fpinit_M.o                         34
    -------------------------------------------------------
    Total:                             34

rt7M_tl.a: [5]
    ABImemcpy_unaligned.o              86
    ABImemset48.o                      58
    cexit.o                            10
    cmain.o                            26
    cstartup_M.o                       12
    data_init.o                        40
    packbits_init_single.o             56
    zero_init3.o                       64
    -------------------------------------------------------
    Total:                            352

shb_l.a: [6]
    exit.o                             20
    -------------------------------------------------------
    Total:                             20

    Gaps                               14        2
    Linker created                              32    1 024
-----------------------------------------------------------
    Grand Total:                    6 878       61   16 788


*******************************************************************************
*** ENTRY LIST
***

Entry                      Address    Size  Type      Object
-----                      -------    ----  ----      ------
.iar.init_table$$Base   0x0800197c           --   Gb  - Linker created -
.iar.init_table$$Limit  0x0800199c           --   Gb  - Linker created -
?main                   0x0800199d          Code  Gb  cmain.o [5]
APBAHBPrescTable        0x08000fc8    0x10  Data  Gb  stm32f4xx_hal_rcc.o [1]
CSTACK$$Base            0x200000b0           --   Gb  - Linker created -
CSTACK$$Limit           0x200004b0           --   Gb  - Linker created -
HAL_GPIO_Init           0x080016a9   0x198  Code  Gb  stm32f4xx_hal_gpio.o [1]
HAL_GPIO_WritePin       0x08001841     0x8  Code  Gb  stm32f4xx_hal_gpio.o [1]
HAL_GetTick             0x08001013     0x6  Code  Wk  stm32f4xx_hal.o [1]
HAL_IncTick             0x08001009     0xa  Code  Wk  stm32f4xx_hal.o [1]
HAL_Init                0x08000fd9    0x30  Code  Gb  stm32f4xx_hal.o [1]
HAL_InitTick            0x08001021    0x6a  Code  Gb  stm32f4xx_hal_timebase_TIM.o [1]
HAL_MspInit             0x08001179    0x52  Code  Gb  stm32f4xx_hal_msp.o [1]
HAL_NVIC_EnableIRQ      0x0800110f     0xc  Code  Gb  stm32f4xx_hal_cortex.o [1]
HAL_NVIC_SetPriority    0x080010d5    0x3a  Code  Gb  stm32f4xx_hal_cortex.o [1]
HAL_NVIC_SetPriorityGrouping
                        0x080010bb    0x1a  Code  Gb  stm32f4xx_hal_cortex.o [1]
HAL_RCC_ClockConfig     0x08000dcb   0x10e  Code  Gb  stm32f4xx_hal_rcc.o [1]
HAL_RCC_GetClockConfig  0x08000f69    0x34  Code  Gb  stm32f4xx_hal_rcc.o [1]
HAL_RCC_GetHCLKFreq     0x08000f2d    0x1e  Code  Gb  stm32f4xx_hal_rcc.o [1]
HAL_RCC_GetPCLK2Freq    0x08000f4b     0xe  Code  Gb  stm32f4xx_hal_rcc.o [1]
HAL_RCC_GetSysClockFreq
                        0x08000ee7    0x46  Code  Wk  stm32f4xx_hal_rcc.o [1]
HAL_RCC_OscConfig       0x08000b81   0x242  Code  Wk  stm32f4xx_hal_rcc.o [1]
HAL_SYSTICK_CLKSourceConfig
                        0x0800114b    0x14  Code  Gb  stm32f4xx_hal_cortex.o [1]
HAL_SYSTICK_Config      0x08001123    0x28  Code  Gb  stm32f4xx_hal_cortex.o [1]
HAL_TIMEx_BreakCallback
                        0x08001403     0x2  Code  Wk  stm32f4xx_hal_tim_ex.o [1]
HAL_TIMEx_CommutationCallback
                        0x08001401     0x2  Code  Wk  stm32f4xx_hal_tim_ex.o [1]
HAL_TIM_Base_Init       0x080011cd    0x1a  Code  Gb  stm32f4xx_hal_tim.o [1]
HAL_TIM_Base_MspInit    0x080011e7     0x2  Code  Wk  stm32f4xx_hal_tim.o [1]
HAL_TIM_Base_Start_IT   0x080011e9    0x16  Code  Gb  stm32f4xx_hal_tim.o [1]
HAL_TIM_IC_CaptureCallback
                        0x08001367     0x2  Code  Wk  stm32f4xx_hal_tim.o [1]
HAL_TIM_IRQHandler      0x0800121b   0x14a  Code  Gb  stm32f4xx_hal_tim.o [1]
HAL_TIM_OC_DelayElapsedCallback
                        0x08001365     0x2  Code  Wk  stm32f4xx_hal_tim.o [1]
HAL_TIM_PWM_PulseFinishedCallback
                        0x08001369     0x2  Code  Wk  stm32f4xx_hal_tim.o [1]
HAL_TIM_PeriodElapsedCallback
                        0x0800109d     0x4  Code  Gb  stm32f4xx_hal_timebase_TIM.o [1]
HAL_TIM_TriggerCallback
                        0x0800136b     0x2  Code  Wk  stm32f4xx_hal_tim.o [1]
MX_GPIO_Init            0x080014e1    0x94  Code  Lc  main.o [1]
NVIC_SetPriority        0x080010a1    0x1a  Code  Lc  stm32f4xx_hal_cortex.o [1]
PendSV_Handler          0x08000ad9          Code  Gb  portasm.o [1]
Region$$Table$$Base     0x0800197c           --   Gb  - Linker created -
Region$$Table$$Limit    0x0800199c           --   Gb  - Linker created -
SVC_Handler             0x08000b31          Code  Gb  portasm.o [1]
StartDefaultTask        0x08001581    0x24  Code  Gb  main.o [1]
SysTick_Handler         0x080019f1     0x4  Code  Gb  stm32f4xx_it.o [1]
SystemClock_Config      0x08001433    0xa4  Code  Gb  main.o [1]
SystemCoreClock         0x2000000c     0x4  Data  Gb  system_stm32f4xx.o [1]
SystemInit              0x08001869    0x3a  Code  Gb  system_stm32f4xx.o [1]
TIM1_UP_TIM10_IRQHandler
                        0x080019f5     0x6  Code  Gb  stm32f4xx_it.o [1]
TIM_Base_SetConfig      0x0800136d    0x72  Code  Gb  stm32f4xx_hal_tim.o [1]
__aeabi_memset4         0x08000a9d          Code  Gb  ABImemset48.o [5]
__aeabi_memset8         0x08000a9d          Code  Gb  ABImemset48.o [5]
__cmain                 0x0800199d          Code  Gb  cmain.o [5]
__exit                  0x080019cd    0x14  Code  Gb  exit.o [6]
__iar_Memset4_word      0x08000aa5          Code  Gb  ABImemset48.o [5]
__iar_Memset8_word      0x08000aa5          Code  Gb  ABImemset48.o [5]
__iar_data_init3        0x08001931    0x28  Code  Gb  data_init.o [5]
__iar_init_vfp          0x08001959          Code  Gb  fpinit_M.o [4]
__iar_packbits_init_single3
                        0x080018f9    0x38  Code  Gb  packbits_init_single.o [5]
__iar_program_start     0x08001a0d          Code  Gb  cstartup_M.o [5]
__iar_unaligned___aeabi_memcpy4
                        0x080015e1          Code  Gb  ABImemcpy_unaligned.o [5]
__iar_unaligned___aeabi_memcpy8
                        0x080015e1          Code  Gb  ABImemcpy_unaligned.o [5]
__iar_zero_init3        0x080018b9    0x40  Code  Gb  zero_init3.o [5]
__low_level_init        0x080019b7     0x4  Code  Gb  low_level_init.o [3]
__vector_table          0x08000000          Data  Gb  startup_stm32f401xe.o [1]
_call_main              0x080019a9          Code  Gb  cmain.o [5]
_exit                   0x080019c1          Code  Gb  cexit.o [5]
_main                   0x080019b3          Code  Gb  cmain.o [5]
defaultTaskHandle       0x20004190     0x4  Data  Gb  main.o [1]
exit                    0x080019bb     0x4  Code  Gb  exit.o [3]
htim1                   0x20004154    0x3c  Data  Gb  stm32f4xx_hal_timebase_TIM.o [1]
main                    0x08001405    0x2e  Code  Gb  main.o [1]
makeFreeRtosPriority    0x08001639     0xc  Code  Lc  cmsis_os.o [1]
osDelay                 0x08001685     0xe  Code  Gb  cmsis_os.o [1]
osKernelStart           0x08001645     0xa  Code  Gb  cmsis_os.o [1]
osSystickHandler        0x08001693    0x14  Code  Gb  cmsis_os.o [1]
osThreadCreate          0x0800164f    0x36  Code  Gb  cmsis_os.o [1]
prvAddCurrentTaskToDelayedList
                        0x080005f3    0x30  Code  Lc  tasks.o [1]
prvAllocateTCBAndStack  0x08000623    0x38  Code  Lc  tasks.o [1]
prvIdleTask             0x08000545    0x5a  Code  Lc  tasks.o [1]
prvInitialiseTCBVariables
                        0x0800059f    0x54  Code  Lc  tasks.o [1]
prvInsertBlockIntoFreeList
                        0x08000a4f    0x46  Code  Lc  heap_4.o [1]
prvResetNextTaskUnblockTime
                        0x0800065b    0x1a  Code  Lc  tasks.o [1]
prvTaskExitError        0x080006e9    0x28  Code  Lc  port.o [1]
pvPortMalloc            0x080008f1    0xfa  Code  Gb  heap_4.o [1]
pxCurrentTCB            0x20000038     0x4  Data  Gb  tasks.o [1]
pxDelayedTaskList       0x2000003c     0x4  Data  Lc  tasks.o [1]
pxEnd                   0x200004b8     0x4  Data  Lc  heap_4.o [1]
pxOverflowDelayedTaskList
                        0x20000040     0x4  Data  Lc  tasks.o [1]
pxPortInitialiseStack   0x080006c5    0x22  Code  Gb  port.o [1]
pxReadyTasksLists       0x200040c8    0x8c  Data  Lc  tasks.o [1]
ucHeap                  0x200004c8  0x3c00  Data  Lc  heap_4.o [1]
ucMaxSysCallPriority    0x20000000     0x1  Data  Lc  port.o [1]
ulMaxPRIGROUPValue      0x20000008     0x4  Data  Lc  port.o [1]
uwTick                  0x20004194     0x4  Data  Gb  stm32f4xx_hal.o [1]
uxCriticalNesting       0x20000004     0x4  Data  Lc  port.o [1]
uxCurrentNumberOfTasks  0x2000005c     0x4  Data  Lc  tasks.o [1]
uxListRemove            0x080008cb    0x24  Code  Gb  list.o [1]
uxPendedTicks           0x2000006c     0x4  Data  Lc  tasks.o [1]
uxSchedulerSuspended    0x20000080     0x4  Data  Lc  tasks.o [1]
uxTaskNumber            0x20000078     0x4  Data  Lc  tasks.o [1]
uxTasksDeleted          0x20000044     0x4  Data  Lc  tasks.o [1]
uxTopReadyPriority      0x20000064     0x4  Data  Lc  tasks.o [1]
vListInitialise         0x08000861    0x1a  Code  Gb  list.o [1]
vListInitialiseItem     0x0800087b     0x6  Code  Gb  list.o [1]
vListInsert             0x08000899    0x32  Code  Gb  list.o [1]
vListInsertEnd          0x08000881    0x18  Code  Gb  list.o [1]
vPortEnableVFP          0x08000b65          Code  Gb  portasm.o [1]
vPortEnterCritical      0x080007a9    0x32  Code  Gb  port.o [1]
vPortExitCritical       0x080007db    0x24  Code  Gb  port.o [1]
vPortFree               0x080009fd    0x44  Code  Gb  heap_4.o [1]
vPortSetupTimerInterrupt
                        0x08000825    0x18  Code  Wk  port.o [1]
vPortStartFirstTask     0x08000b4d          Code  Gb  portasm.o [1]
vTaskDelay              0x080002a7    0x3a  Code  Gb  tasks.o [1]
vTaskStartScheduler     0x08000315    0x54  Code  Gb  tasks.o [1]
vTaskSuspendAll         0x08000369     0xc  Code  Gb  tasks.o [1]
vTaskSwitchContext      0x080004d5    0x52  Code  Gb  tasks.o [1]
xBlockAllocatedBit      0x200004c4     0x4  Data  Lc  heap_4.o [1]
xDelayedTaskList1       0x20000084    0x14  Data  Lc  tasks.o [1]
xDelayedTaskList2       0x20000098    0x14  Data  Lc  tasks.o [1]
xFreeBytesRemaining     0x200004bc     0x4  Data  Lc  heap_4.o [1]
xMinimumEverFreeBytesRemaining
                        0x200004c0     0x4  Data  Lc  heap_4.o [1]
xNextTaskUnblockTime    0x2000007c     0x4  Data  Lc  tasks.o [1]
xNumOfOverflows         0x20000074     0x4  Data  Lc  tasks.o [1]
xPendingReadyList       0x20000010    0x14  Data  Lc  tasks.o [1]
xPortStartScheduler     0x08000711    0x84  Code  Gb  port.o [1]
xPortSysTickHandler     0x080007ff    0x26  Code  Gb  port.o [1]
xSchedulerRunning       0x20000068     0x4  Data  Lc  tasks.o [1]
xStart                  0x200004b0     0x8  Data  Lc  heap_4.o [1]
xSuspendedTaskList      0x20000048    0x14  Data  Lc  tasks.o [1]
xTaskGenericCreate      0x08000195   0x112  Code  Gb  tasks.o [1]
xTaskGetSchedulerState  0x08000675    0x16  Code  Gb  tasks.o [1]
xTaskIncrementTick      0x08000419    0xbc  Code  Gb  tasks.o [1]
xTaskResumeAll          0x08000375    0x90  Code  Gb  tasks.o [1]
xTasksWaitingTermination
                        0x20000024    0x14  Data  Lc  tasks.o [1]
xTickCount              0x20000060     0x4  Data  Lc  tasks.o [1]
xYieldPending           0x20000070     0x4  Data  Lc  tasks.o [1]


[1] = C:\Users\mehta\Desktop\STM32F401\E110\RTOSBringUp\RTOSBringUp\EWARM\RTOSBringUp\Obj
[2] = command line
[3] = dl7M_tlf.a
[4] = m7M_tls.a
[5] = rt7M_tl.a
[6] = shb_l.a

   6 878 bytes of readonly  code memory
      61 bytes of readonly  data memory
  16 788 bytes of readwrite data memory

Errors: none
Warnings: none
